ERROR 2026-06-23 11:54:12,499 crm.views views.py 380 Unexpected error in region_create_api
Traceback (most recent call last):
  File "C:\Users\njg24\OneDrive\Desktop\LeadManagment_Project\Lead_Management\crm\views.py", line 355, in region_create_api
    x = 1/0
        ~^~
ZeroDivisionError: division by zero
ERROR 2026-06-23 11:54:12,501 django.request log.py 249 Internal Server Error: /api/regions/create/
ERROR 2026-06-23 11:54:12,501 django.server log.py 249 "POST /api/regions/create/ HTTP/1.1" 500 51
ERROR 2026-06-23 12:00:52,942 crm.views views.py 48 Unexpected error in add_product
Traceback (most recent call last):
  File "C:\Users\njg24\OneDrive\Desktop\LeadManagment_Project\Lead_Management\crm\views.py", line 31, in add_product
    x=1/0
      ~^~
ZeroDivisionError: division by zero
ERROR 2026-06-23 12:14:21,735 crm.views views.py 48 Unexpected error in add_product
Traceback (most recent call last):
  File "C:\Users\njg24\OneDrive\Desktop\LeadManagment_Project\Lead_Management\crm\views.py", line 31, in add_product
    x=1/0
      ~^~
ZeroDivisionError: division by zero
ERROR 2026-06-23 18:54:47,972 crm.views views.py 48 Unexpected error in add_product
Traceback (most recent call last):
  File "C:\Users\njg24\OneDrive\Desktop\LeadManagment_Project\Lead_Management\crm\views.py", line 31, in add_product
    x=1/0
      ~^~
ZeroDivisionError: division by zero
ERROR 2026-06-23 19:19:16,841 django.request log.py 249 Internal Server Error: /products/bulk-upload/
Traceback (most recent call last):
  File "C:\Users\njg24\OneDrive\Desktop\LeadManagment_Project\Lead_Management\venv\Lib\site-packages\django\core\handlers\exception.py", line 55, in inner
    response = get_response(request)
  File "C:\Users\njg24\OneDrive\Desktop\LeadManagment_Project\Lead_Management\venv\Lib\site-packages\django\core\handlers\base.py", line 198, in _get_response
    response = wrapped_callback(request, *callback_args, **callback_kwargs)
  File "C:\Users\njg24\OneDrive\Desktop\LeadManagment_Project\Lead_Management\crm\views.py", line 137, in product_bulk_upload
    form = ProductBulkUploadForm()
           ^^^^^^^^^^^^^^^^^^^^^
NameError: name 'ProductBulkUploadForm' is not defined
ERROR 2026-06-23 19:19:16,846 django.server log.py 249 "GET /products/bulk-upload/ HTTP/1.1" 500 72552
ERROR 2026-06-23 19:30:29,466 crm.views views.py 132 Bulk upload failed
Traceback (most recent call last):
  File "C:\Users\njg24\OneDrive\Desktop\LeadManagment_Project\Lead_Management\crm\views.py", line 109, in product_bulk_upload
    raise ValueError(f"Duplicate product: {product_name}")
ValueError: Duplicate product: Laptop
ERROR 2026-06-23 19:32:04,663 crm.views views.py 132 Bulk upload failed
Traceback (most recent call last):
  File "C:\Users\njg24\OneDrive\Desktop\LeadManagment_Project\Lead_Management\crm\views.py", line 109, in product_bulk_upload
    raise ValueError(f"Duplicate product: {product_name}")
ValueError: Duplicate product: Laptop
ERROR 2026-06-23 19:32:57,321 crm.views views.py 132 Bulk upload failed
Traceback (most recent call last):
  File "C:\Users\njg24\OneDrive\Desktop\LeadManagment_Project\Lead_Management\crm\views.py", line 119, in product_bulk_upload
    Product.objects.create(
    ~~~~~~~~~~~~~~~~~~~~~~^
        productid=(max_id or 0) + 1,
        ^^^^^^^^^^^^^^^^^^^^^^^^^^^^
    ...<4 lines>...
        added_dts=timezone.now()
        ^^^^^^^^^^^^^^^^^^^^^^^^
    )
    ^
  File "C:\Users\njg24\OneDrive\Desktop\LeadManagment_Project\Lead_Management\venv\Lib\site-packages\django\db\models\manager.py", line 87, in manager_method
    return getattr(self.get_queryset(), name)(*args, **kwargs)
           ~~~~~~~~~~~~~~~~~~~~~~~~~~~~~~~~~~^^^^^^^^^^^^^^^^^
  File "C:\Users\njg24\OneDrive\Desktop\LeadManagment_Project\Lead_Management\venv\Lib\site-packages\django\db\models\query.py", line 667, in create
    obj = self.model(**kwargs)
  File "C:\Users\njg24\OneDrive\Desktop\LeadManagment_Project\Lead_Management\venv\Lib\site-packages\django\db\models\base.py", line 566, in __init__
    _setattr(self, field.name, rel_obj)
    ~~~~~~~~^^^^^^^^^^^^^^^^^^^^^^^^^^^
  File "C:\Users\njg24\OneDrive\Desktop\LeadManagment_Project\Lead_Management\venv\Lib\site-packages\django\db\models\fields\related_descriptors.py", line 287, in __set__
    raise ValueError(
    ...<7 lines>...
    )
ValueError: Cannot assign "'software'": "Product.categoryid" must be a "ProductCategory" instance.
ERROR 2026-06-23 19:34:20,580 crm.views views.py 132 Bulk upload failed
Traceback (most recent call last):
  File "C:\Users\njg24\OneDrive\Desktop\LeadManagment_Project\Lead_Management\crm\views.py", line 119, in product_bulk_upload
    Product.objects.create(
    ~~~~~~~~~~~~~~~~~~~~~~^
        productid=(max_id or 0) + 1,
        ^^^^^^^^^^^^^^^^^^^^^^^^^^^^
    ...<4 lines>...
        added_dts=timezone.now()
        ^^^^^^^^^^^^^^^^^^^^^^^^
    )
    ^
  File "C:\Users\njg24\OneDrive\Desktop\LeadManagment_Project\Lead_Management\venv\Lib\site-packages\django\db\models\manager.py", line 87, in manager_method
    return getattr(self.get_queryset(), name)(*args, **kwargs)
           ~~~~~~~~~~~~~~~~~~~~~~~~~~~~~~~~~~^^^^^^^^^^^^^^^^^
  File "C:\Users\njg24\OneDrive\Desktop\LeadManagment_Project\Lead_Management\venv\Lib\site-packages\django\db\models\query.py", line 667, in create
    obj = self.model(**kwargs)
  File "C:\Users\njg24\OneDrive\Desktop\LeadManagment_Project\Lead_Management\venv\Lib\site-packages\django\db\models\base.py", line 566, in __init__
    _setattr(self, field.name, rel_obj)
    ~~~~~~~~^^^^^^^^^^^^^^^^^^^^^^^^^^^
  File "C:\Users\njg24\OneDrive\Desktop\LeadManagment_Project\Lead_Management\venv\Lib\site-packages\django\db\models\fields\related_descriptors.py", line 287, in __set__
    raise ValueError(
    ...<7 lines>...
    )
ValueError: Cannot assign "'Software'": "Product.categoryid" must be a "ProductCategory" instance.
ERROR 2026-06-23 19:41:25,811 crm.views views.py 132 Bulk upload failed
Traceback (most recent call last):
  File "C:\Users\njg24\OneDrive\Desktop\LeadManagment_Project\Lead_Management\crm\views.py", line 119, in product_bulk_upload
    Product.objects.create(
    ~~~~~~~~~~~~~~~~~~~~~~^
        productid=(max_id or 0) + 1,
        ^^^^^^^^^^^^^^^^^^^^^^^^^^^^
    ...<4 lines>...
        added_dts=timezone.now()
        ^^^^^^^^^^^^^^^^^^^^^^^^
    )
    ^
  File "C:\Users\njg24\OneDrive\Desktop\LeadManagment_Project\Lead_Management\venv\Lib\site-packages\django\db\models\manager.py", line 87, in manager_method
    return getattr(self.get_queryset(), name)(*args, **kwargs)
           ~~~~~~~~~~~~~~~~~~~~~~~~~~~~~~~~~~^^^^^^^^^^^^^^^^^
  File "C:\Users\njg24\OneDrive\Desktop\LeadManagment_Project\Lead_Management\venv\Lib\site-packages\django\db\models\query.py", line 667, in create
    obj = self.model(**kwargs)
  File "C:\Users\njg24\OneDrive\Desktop\LeadManagment_Project\Lead_Management\venv\Lib\site-packages\django\db\models\base.py", line 566, in __init__
    _setattr(self, field.name, rel_obj)
    ~~~~~~~~^^^^^^^^^^^^^^^^^^^^^^^^^^^
  File "C:\Users\njg24\OneDrive\Desktop\LeadManagment_Project\Lead_Management\venv\Lib\site-packages\django\db\models\fields\related_descriptors.py", line 287, in __set__
    raise ValueError(
    ...<7 lines>...
    )
ValueError: Cannot assign "1": "Product.categoryid" must be a "ProductCategory" instance.
ERROR 2026-06-23 19:58:36,502 crm.views views.py 144 Bulk upload failed
Traceback (most recent call last):
  File "C:\Users\njg24\OneDrive\Desktop\LeadManagment_Project\Lead_Management\crm\views.py", line 115, in product_bulk_upload
    category_obj = ProductCategory.objects.get(
        categoryname__iexact=str(category_name).strip()
    )
  File "C:\Users\njg24\OneDrive\Desktop\LeadManagment_Project\Lead_Management\venv\Lib\site-packages\django\db\models\manager.py", line 87, in manager_method
    return getattr(self.get_queryset(), name)(*args, **kwargs)
           ~~~~~~~~~~~~~~~~~~~~~~~~~~~~~~~~~~^^^^^^^^^^^^^^^^^
  File "C:\Users\njg24\OneDrive\Desktop\LeadManagment_Project\Lead_Management\venv\Lib\site-packages\django\db\models\query.py", line 639, in get
    raise self.model.DoesNotExist(
        "%s matching query does not exist." % self.model._meta.object_name
    )
crm.models.ProductCategory.DoesNotExist: ProductCategory matching query does not exist.

During handling of the above exception, another exception occurred:

Traceback (most recent call last):
  File "C:\Users\njg24\OneDrive\Desktop\LeadManagment_Project\Lead_Management\crm\views.py", line 119, in product_bulk_upload
    raise ValueError(
        f"Row {index}: Category '{category_name}' does not exist"
    )
ValueError: Row 4: Category 'Furniture' does not exist
ERROR 2026-06-26 14:27:16,405 crm.views views.py 144 Bulk upload failed
Traceback (most recent call last):
  File "C:\Users\njg24\OneDrive\Desktop\LeadManagment_Project\Lead_Management\crm\views.py", line 111, in product_bulk_upload
    raise ValueError(f"Row {index}: Duplicate product '{product_name}'")
ValueError: Row 2: Duplicate product 'RAM'
ERROR 2026-06-26 14:44:14,646 crm.views views.py 340 Lead bulk upload failed
Traceback (most recent call last):
  File "C:\Users\njg24\OneDrive\Desktop\LeadManagment_Project\Lead_Management\crm\views.py", line 265, in lead_bulk_upload
    (
    ^
    ...<3 lines>...
    ) = row
    ^
ValueError: too many values to unpack (expected 13, got 15)
ERROR 2026-06-26 15:10:47,075 crm.views views.py 340 Lead bulk upload failed
Traceback (most recent call last):
  File "C:\Users\njg24\OneDrive\Desktop\LeadManagment_Project\Lead_Management\crm\views.py", line 283, in lead_bulk_upload
    region_obj = Region.objects.get(
        regionname__iexact=region_name
    )
  File "C:\Users\njg24\OneDrive\Desktop\LeadManagment_Project\Lead_Management\venv\Lib\site-packages\django\db\models\manager.py", line 87, in manager_method
    return getattr(self.get_queryset(), name)(*args, **kwargs)
           ~~~~~~~~~~~~~~~~~~~~~~~~~~~~~~~~~~^^^^^^^^^^^^^^^^^
  File "C:\Users\njg24\OneDrive\Desktop\LeadManagment_Project\Lead_Management\venv\Lib\site-packages\django\db\models\query.py", line 639, in get
    raise self.model.DoesNotExist(
        "%s matching query does not exist." % self.model._meta.object_name
    )
crm.models.Region.DoesNotExist: Region matching query does not exist.

During handling of the above exception, another exception occurred:

Traceback (most recent call last):
  File "C:\Users\njg24\OneDrive\Desktop\LeadManagment_Project\Lead_Management\crm\views.py", line 287, in lead_bulk_upload
    raise ValueError(f"Region '{region_name}' does not exist")
ValueError: Region 'Delhi NCR' does not exist
ERROR 2026-06-26 15:15:33,012 crm.views views.py 340 Lead bulk upload failed
Traceback (most recent call last):
  File "C:\Users\njg24\OneDrive\Desktop\LeadManagment_Project\Lead_Management\crm\views.py", line 299, in lead_bulk_upload
    status_obj = LeadStatus.objects.get(
                 ^^^^^^^^^^
NameError: name 'LeadStatus' is not defined

During handling of the above exception, another exception occurred:

Traceback (most recent call last):
  File "C:\Users\njg24\OneDrive\Desktop\LeadManagment_Project\Lead_Management\crm\views.py", line 302, in lead_bulk_upload
    except LeadStatus.DoesNotExist:
           ^^^^^^^^^^
NameError: name 'LeadStatus' is not defined
ERROR 2026-06-26 15:22:48,807 crm.views views.py 340 Lead bulk upload failed
Traceback (most recent call last):
  File "C:\Users\njg24\OneDrive\Desktop\LeadManagment_Project\Lead_Management\crm\views.py", line 283, in lead_bulk_upload
    region_obj = Region.objects.get(
        regionname__iexact=region_name
    )
  File "C:\Users\njg24\OneDrive\Desktop\LeadManagment_Project\Lead_Management\venv\Lib\site-packages\django\db\models\manager.py", line 87, in manager_method
    return getattr(self.get_queryset(), name)(*args, **kwargs)
           ~~~~~~~~~~~~~~~~~~~~~~~~~~~~~~~~~~^^^^^^^^^^^^^^^^^
  File "C:\Users\njg24\OneDrive\Desktop\LeadManagment_Project\Lead_Management\venv\Lib\site-packages\django\db\models\query.py", line 639, in get
    raise self.model.DoesNotExist(
        "%s matching query does not exist." % self.model._meta.object_name
    )
crm.models.Region.DoesNotExist: Region matching query does not exist.

During handling of the above exception, another exception occurred:

Traceback (most recent call last):
  File "C:\Users\njg24\OneDrive\Desktop\LeadManagment_Project\Lead_Management\crm\views.py", line 287, in lead_bulk_upload
    raise ValueError(f"Region '{region_name}' does not exist")
ValueError: Region 'Delhi NCR' does not exist
ERROR 2026-06-26 15:24:08,582 crm.views views.py 340 Lead bulk upload failed
Traceback (most recent call last):
  File "C:\Users\njg24\OneDrive\Desktop\LeadManagment_Project\Lead_Management\crm\views.py", line 299, in lead_bulk_upload
    status_obj = LeadStatus.objects.get(
                 ^^^^^^^^^^
NameError: name 'LeadStatus' is not defined

During handling of the above exception, another exception occurred:

Traceback (most recent call last):
  File "C:\Users\njg24\OneDrive\Desktop\LeadManagment_Project\Lead_Management\crm\views.py", line 302, in lead_bulk_upload
    except LeadStatus.DoesNotExist:
           ^^^^^^^^^^
NameError: name 'LeadStatus' is not defined
ERROR 2026-06-26 15:26:03,451 crm.views views.py 340 Lead bulk upload failed
Traceback (most recent call last):
  File "C:\Users\njg24\OneDrive\Desktop\LeadManagment_Project\Lead_Management\crm\views.py", line 308, in lead_bulk_upload
    sourcename__iexact=source_name
                       ^^^^^^^^^^^
NameError: name 'source_name' is not defined. Did you mean: 'leadsource_name'?
ERROR 2026-06-26 15:38:52,785 crm.views views.py 346 Lead bulk upload failed
Traceback (most recent call last):
  File "C:\Users\njg24\OneDrive\Desktop\LeadManagment_Project\Lead_Management\crm\views.py", line 290, in lead_bulk_upload
    territory_obj = Territory.objects.get(
    territoryname__iexact=territory_name
    )
  File "C:\Users\njg24\OneDrive\Desktop\LeadManagment_Project\Lead_Management\venv\Lib\site-packages\django\db\models\manager.py", line 87, in manager_method
    return getattr(self.get_queryset(), name)(*args, **kwargs)
           ~~~~~~~~~~~~~~~~~~~~~~~~~~~~~~~~~~^^^^^^^^^^^^^^^^^
  File "C:\Users\njg24\OneDrive\Desktop\LeadManagment_Project\Lead_Management\venv\Lib\site-packages\django\db\models\query.py", line 639, in get
    raise self.model.DoesNotExist(
        "%s matching query does not exist." % self.model._meta.object_name
    )
crm.models.Territory.DoesNotExist: Territory matching query does not exist.

During handling of the above exception, another exception occurred:

Traceback (most recent call last):
  File "C:\Users\njg24\OneDrive\Desktop\LeadManagment_Project\Lead_Management\crm\views.py", line 294, in lead_bulk_upload
    raise ValueError(f"Territory '{territory_name}' does not exist")
ValueError: Territory 'Delhi NCR' does not exist
ERROR 2026-06-26 15:40:20,178 crm.views views.py 346 Lead bulk upload failed
Traceback (most recent call last):
  File "C:\Users\njg24\OneDrive\Desktop\LeadManagment_Project\Lead_Management\crm\views.py", line 314, in lead_bulk_upload
    source_obj = LeadSource.objects.get(
        sourcename__iexact=leadsource_name
    )
  File "C:\Users\njg24\OneDrive\Desktop\LeadManagment_Project\Lead_Management\venv\Lib\site-packages\django\db\models\manager.py", line 87, in manager_method
    return getattr(self.get_queryset(), name)(*args, **kwargs)
           ~~~~~~~~~~~~~~~~~~~~~~~~~~~~~~~~~~^^^^^^^^^^^^^^^^^
  File "C:\Users\njg24\OneDrive\Desktop\LeadManagment_Project\Lead_Management\venv\Lib\site-packages\django\db\models\query.py", line 625, in get
    clone = self._chain() if self.query.combinator else self.filter(*args, **kwargs)
                                                        ~~~~~~~~~~~^^^^^^^^^^^^^^^^^
  File "C:\Users\njg24\OneDrive\Desktop\LeadManagment_Project\Lead_Management\venv\Lib\site-packages\django\db\models\query.py", line 1542, in filter
    return self._filter_or_exclude(False, args, kwargs)
           ~~~~~~~~~~~~~~~~~~~~~~~^^^^^^^^^^^^^^^^^^^^^
  File "C:\Users\njg24\OneDrive\Desktop\LeadManagment_Project\Lead_Management\venv\Lib\site-packages\django\db\models\query.py", line 1560, in _filter_or_exclude
    clone._filter_or_exclude_inplace(negate, args, kwargs)
    ~~~~~~~~~~~~~~~~~~~~~~~~~~~~~~~~^^^^^^^^^^^^^^^^^^^^^^
  File "C:\Users\njg24\OneDrive\Desktop\LeadManagment_Project\Lead_Management\venv\Lib\site-packages\django\db\models\query.py", line 1570, in _filter_or_exclude_inplace
    self._query.add_q(Q(*args, **kwargs))
    ~~~~~~~~~~~~~~~~~^^^^^^^^^^^^^^^^^^^^
  File "C:\Users\njg24\OneDrive\Desktop\LeadManagment_Project\Lead_Management\venv\Lib\site-packages\django\db\models\sql\query.py", line 1676, in add_q
    clause, _ = self._add_q(q_object, can_reuse)
                ~~~~~~~~~~~^^^^^^^^^^^^^^^^^^^^^
  File "C:\Users\njg24\OneDrive\Desktop\LeadManagment_Project\Lead_Management\venv\Lib\site-packages\django\db\models\sql\query.py", line 1708, in _add_q
    child_clause, needed_inner = self.build_filter(
                                 ~~~~~~~~~~~~~~~~~^
        child,
        ^^^^^^
    ...<7 lines>...
        update_join_types=update_join_types,
        ^^^^^^^^^^^^^^^^^^^^^^^^^^^^^^^^^^^^
    )
    ^
  File "C:\Users\njg24\OneDrive\Desktop\LeadManagment_Project\Lead_Management\venv\Lib\site-packages\django\db\models\sql\query.py", line 1556, in build_filter
    lookups, parts, reffed_expression = self.solve_lookup_type(arg, summarize)
                                        ~~~~~~~~~~~~~~~~~~~~~~^^^^^^^^^^^^^^^^
  File "C:\Users\njg24\OneDrive\Desktop\LeadManagment_Project\Lead_Management\venv\Lib\site-packages\django\db\models\sql\query.py", line 1363, in solve_lookup_type
    _, field, _, lookup_parts = self.names_to_path(lookup_splitted, self.get_meta())
                                ~~~~~~~~~~~~~~~~~~^^^^^^^^^^^^^^^^^^^^^^^^^^^^^^^^^^
  File "C:\Users\njg24\OneDrive\Desktop\LeadManagment_Project\Lead_Management\venv\Lib\site-packages\django\db\models\sql\query.py", line 1842, in names_to_path
    raise FieldError(
    ...<2 lines>...
    )
django.core.exceptions.FieldError: Cannot resolve keyword 'sourcename' into field. Choices are: added_by, added_dts, lead, leadsourceid, leadsourcename
ERROR 2026-06-26 15:42:05,583 crm.views views.py 346 Lead bulk upload failed
Traceback (most recent call last):
  File "C:\Users\njg24\OneDrive\Desktop\LeadManagment_Project\Lead_Management\crm\views.py", line 298, in lead_bulk_upload
    product_obj = Product.objects.get(
        productname__iexact=product_name
    )
  File "C:\Users\njg24\OneDrive\Desktop\LeadManagment_Project\Lead_Management\venv\Lib\site-packages\django\db\models\manager.py", line 87, in manager_method
    return getattr(self.get_queryset(), name)(*args, **kwargs)
           ~~~~~~~~~~~~~~~~~~~~~~~~~~~~~~~~~~^^^^^^^^^^^^^^^^^
  File "C:\Users\njg24\OneDrive\Desktop\LeadManagment_Project\Lead_Management\venv\Lib\site-packages\django\db\models\query.py", line 639, in get
    raise self.model.DoesNotExist(
        "%s matching query does not exist." % self.model._meta.object_name
    )
crm.models.Product.DoesNotExist: Product matching query does not exist.

ERROR 2026-06-26 17:02:43,667 django.request log.py 249 Internal Server Error: /
Traceback (most recent call last):
  File "C:\Users\njg24\OneDrive\Desktop\LeadManagment_Project\Lead_Management\venv\Lib\site-packages\django\core\handlers\exception.py", line 55, in inner
    response = get_response(request)
  File "C:\Users\njg24\OneDrive\Desktop\LeadManagment_Project\Lead_Management\venv\Lib\site-packages\django\core\handlers\base.py", line 221, in _get_response
    response = response.render()
  File "C:\Users\njg24\OneDrive\Desktop\LeadManagment_Project\Lead_Management\venv\Lib\site-packages\django\template\response.py", line 114, in render
    self.content = self.rendered_content
                   ^^^^^^^^^^^^^^^^^^^^^
  File "C:\Users\njg24\OneDrive\Desktop\LeadManagment_Project\Lead_Management\venv\Lib\site-packages\django\template\response.py", line 90, in rendered_content
    template = self.resolve_template(self.template_name)
  File "C:\Users\njg24\OneDrive\Desktop\LeadManagment_Project\Lead_Management\venv\Lib\site-packages\django\template\response.py", line 72, in resolve_template
    return select_template(template, using=self.using)
  File "C:\Users\njg24\OneDrive\Desktop\LeadManagment_Project\Lead_Management\venv\Lib\site-packages\django\template\loader.py", line 47, in select_template
    raise TemplateDoesNotExist(", ".join(template_name_list), chain=chain)
django.template.exceptions.TemplateDoesNotExist: login.html
ERROR 2026-06-26 17:02:43,671 django.server log.py 249 "GET / HTTP/1.1" 500 87296
ERROR 2026-06-26 17:11:57,678 django.request log.py 249 Internal Server Error: /home/
Traceback (most recent call last):
  File "C:\Users\njg24\OneDrive\Desktop\LeadManagment_Project\Lead_Management\venv\Lib\site-packages\django\core\handlers\exception.py", line 55, in inner
    response = get_response(request)
  File "C:\Users\njg24\OneDrive\Desktop\LeadManagment_Project\Lead_Management\venv\Lib\site-packages\django\core\handlers\base.py", line 198, in _get_response
    response = wrapped_callback(request, *callback_args, **callback_kwargs)
  File "C:\Users\njg24\OneDrive\Desktop\LeadManagment_Project\Lead_Management\venv\Lib\site-packages\django\contrib\auth\decorators.py", line 59, in _view_wrapper
    return view_func(request, *args, **kwargs)
  File "C:\Users\njg24\OneDrive\Desktop\LeadManagment_Project\Lead_Management\crm\views.py", line 19, in home
    return render(request, 'home.html')
  File "C:\Users\njg24\OneDrive\Desktop\LeadManagment_Project\Lead_Management\venv\Lib\site-packages\django\shortcuts.py", line 25, in render
    content = loader.render_to_string(template_name, context, request, using=using)
  File "C:\Users\njg24\OneDrive\Desktop\LeadManagment_Project\Lead_Management\venv\Lib\site-packages\django\template\loader.py", line 62, in render_to_string
    return template.render(context, request)
           ~~~~~~~~~~~~~~~^^^^^^^^^^^^^^^^^^
  File "C:\Users\njg24\OneDrive\Desktop\LeadManagment_Project\Lead_Management\venv\Lib\site-packages\django\template\backends\django.py", line 107, in render
    return self.template.render(context)
           ~~~~~~~~~~~~~~~~~~~~^^^^^^^^^
  File "C:\Users\njg24\OneDrive\Desktop\LeadManagment_Project\Lead_Management\venv\Lib\site-packages\django\template\base.py", line 174, in render
    return self._render(context)
           ~~~~~~~~~~~~^^^^^^^^^
  File "C:\Users\njg24\OneDrive\Desktop\LeadManagment_Project\Lead_Management\venv\Lib\site-packages\django\template\base.py", line 166, in _render
    return self.nodelist.render(context)
           ~~~~~~~~~~~~~~~~~~~~^^^^^^^^^
  File "C:\Users\njg24\OneDrive\Desktop\LeadManagment_Project\Lead_Management\venv\Lib\site-packages\django\template\base.py", line 1091, in render
    return SafeString("".join([node.render_annotated(context) for node in self]))
                               ~~~~~~~~~~~~~~~~~~~~~^^^^^^^^^
  File "C:\Users\njg24\OneDrive\Desktop\LeadManagment_Project\Lead_Management\venv\Lib\site-packages\django\template\base.py", line 1052, in render_annotated
    return self.render(context)
           ~~~~~~~~~~~^^^^^^^^^
  File "C:\Users\njg24\OneDrive\Desktop\LeadManagment_Project\Lead_Management\venv\Lib\site-packages\django\template\loader_tags.py", line 160, in render
    return compiled_parent._render(context)
           ~~~~~~~~~~~~~~~~~~~~~~~^^^^^^^^^
  File "C:\Users\njg24\OneDrive\Desktop\LeadManagment_Project\Lead_Management\venv\Lib\site-packages\django\template\base.py", line 166, in _render
    return self.nodelist.render(context)
           ~~~~~~~~~~~~~~~~~~~~^^^^^^^^^
  File "C:\Users\njg24\OneDrive\Desktop\LeadManagment_Project\Lead_Management\venv\Lib\site-packages\django\template\base.py", line 1091, in render
    return SafeString("".join([node.render_annotated(context) for node in self]))
                               ~~~~~~~~~~~~~~~~~~~~~^^^^^^^^^
  File "C:\Users\njg24\OneDrive\Desktop\LeadManagment_Project\Lead_Management\venv\Lib\site-packages\django\template\base.py", line 1052, in render_annotated
    return self.render(context)
           ~~~~~~~~~~~^^^^^^^^^
  File "C:\Users\njg24\OneDrive\Desktop\LeadManagment_Project\Lead_Management\venv\Lib\site-packages\django\template\defaulttags.py", line 333, in render
    return nodelist.render(context)
           ~~~~~~~~~~~~~~~^^^^^^^^^
  File "C:\Users\njg24\OneDrive\Desktop\LeadManagment_Project\Lead_Management\venv\Lib\site-packages\django\template\base.py", line 1091, in render
    return SafeString("".join([node.render_annotated(context) for node in self]))
                               ~~~~~~~~~~~~~~~~~~~~~^^^^^^^^^
  File "C:\Users\njg24\OneDrive\Desktop\LeadManagment_Project\Lead_Management\venv\Lib\site-packages\django\template\base.py", line 1052, in render_annotated
    return self.render(context)
           ~~~~~~~~~~~^^^^^^^^^
  File "C:\Users\njg24\OneDrive\Desktop\LeadManagment_Project\Lead_Management\venv\Lib\site-packages\django\template\defaulttags.py", line 511, in render
    url = reverse(view_name, args=args, kwargs=kwargs, current_app=current_app)
  File "C:\Users\njg24\OneDrive\Desktop\LeadManagment_Project\Lead_Management\venv\Lib\site-packages\django\urls\base.py", line 98, in reverse
    resolved_url = resolver._reverse_with_prefix(view, prefix, *args, **kwargs)
  File "C:\Users\njg24\OneDrive\Desktop\LeadManagment_Project\Lead_Management\venv\Lib\site-packages\django\urls\resolvers.py", line 842, in _reverse_with_prefix
    raise NoReverseMatch(msg)
django.urls.exceptions.NoReverseMatch: Reverse for 'region_list' not found. 'region_list' is not a valid view function or pattern name.
ERROR 2026-06-26 17:11:57,681 django.server log.py 249 "GET /home/ HTTP/1.1" 500 160710
ERROR 2026-06-26 18:18:56,434 django.request log.py 249 Internal Server Error: /home/
Traceback (most recent call last):
  File "C:\Users\njg24\OneDrive\Desktop\LeadManagment_Project\Lead_Management\venv\Lib\site-packages\django\core\handlers\exception.py", line 55, in inner
    response = get_response(request)
  File "C:\Users\njg24\OneDrive\Desktop\LeadManagment_Project\Lead_Management\venv\Lib\site-packages\django\core\handlers\base.py", line 198, in _get_response
    response = wrapped_callback(request, *callback_args, **callback_kwargs)
  File "C:\Users\njg24\OneDrive\Desktop\LeadManagment_Project\Lead_Management\venv\Lib\site-packages\django\contrib\auth\decorators.py", line 59, in _view_wrapper
    return view_func(request, *args, **kwargs)
  File "C:\Users\njg24\OneDrive\Desktop\LeadManagment_Project\Lead_Management\crm\views.py", line 19, in home
    return render(request, 'home.html')
  File "C:\Users\njg24\OneDrive\Desktop\LeadManagment_Project\Lead_Management\venv\Lib\site-packages\django\shortcuts.py", line 25, in render
    content = loader.render_to_string(template_name, context, request, using=using)
  File "C:\Users\njg24\OneDrive\Desktop\LeadManagment_Project\Lead_Management\venv\Lib\site-packages\django\template\loader.py", line 62, in render_to_string
    return template.render(context, request)
           ~~~~~~~~~~~~~~~^^^^^^^^^^^^^^^^^^
  File "C:\Users\njg24\OneDrive\Desktop\LeadManagment_Project\Lead_Management\venv\Lib\site-packages\django\template\backends\django.py", line 107, in render
    return self.template.render(context)
           ~~~~~~~~~~~~~~~~~~~~^^^^^^^^^
  File "C:\Users\njg24\OneDrive\Desktop\LeadManagment_Project\Lead_Management\venv\Lib\site-packages\django\template\base.py", line 174, in render
    return self._render(context)
           ~~~~~~~~~~~~^^^^^^^^^
  File "C:\Users\njg24\OneDrive\Desktop\LeadManagment_Project\Lead_Management\venv\Lib\site-packages\django\template\base.py", line 166, in _render
    return self.nodelist.render(context)
           ~~~~~~~~~~~~~~~~~~~~^^^^^^^^^
  File "C:\Users\njg24\OneDrive\Desktop\LeadManagment_Project\Lead_Management\venv\Lib\site-packages\django\template\base.py", line 1091, in render
    return SafeString("".join([node.render_annotated(context) for node in self]))
                               ~~~~~~~~~~~~~~~~~~~~~^^^^^^^^^
  File "C:\Users\njg24\OneDrive\Desktop\LeadManagment_Project\Lead_Management\venv\Lib\site-packages\django\template\base.py", line 1052, in render_annotated
    return self.render(context)
           ~~~~~~~~~~~^^^^^^^^^
  File "C:\Users\njg24\OneDrive\Desktop\LeadManagment_Project\Lead_Management\venv\Lib\site-packages\django\template\loader_tags.py", line 160, in render
    return compiled_parent._render(context)
           ~~~~~~~~~~~~~~~~~~~~~~~^^^^^^^^^
  File "C:\Users\njg24\OneDrive\Desktop\LeadManagment_Project\Lead_Management\venv\Lib\site-packages\django\template\base.py", line 166, in _render
    return self.nodelist.render(context)
           ~~~~~~~~~~~~~~~~~~~~^^^^^^^^^
  File "C:\Users\njg24\OneDrive\Desktop\LeadManagment_Project\Lead_Management\venv\Lib\site-packages\django\template\base.py", line 1091, in render
    return SafeString("".join([node.render_annotated(context) for node in self]))
                               ~~~~~~~~~~~~~~~~~~~~~^^^^^^^^^
  File "C:\Users\njg24\OneDrive\Desktop\LeadManagment_Project\Lead_Management\venv\Lib\site-packages\django\template\base.py", line 1052, in render_annotated
    return self.render(context)
           ~~~~~~~~~~~^^^^^^^^^
  File "C:\Users\njg24\OneDrive\Desktop\LeadManagment_Project\Lead_Management\venv\Lib\site-packages\django\template\defaulttags.py", line 333, in render
    return nodelist.render(context)
           ~~~~~~~~~~~~~~~^^^^^^^^^
  File "C:\Users\njg24\OneDrive\Desktop\LeadManagment_Project\Lead_Management\venv\Lib\site-packages\django\template\base.py", line 1091, in render
    return SafeString("".join([node.render_annotated(context) for node in self]))
                               ~~~~~~~~~~~~~~~~~~~~~^^^^^^^^^
  File "C:\Users\njg24\OneDrive\Desktop\LeadManagment_Project\Lead_Management\venv\Lib\site-packages\django\template\base.py", line 1052, in render_annotated
    return self.render(context)
           ~~~~~~~~~~~^^^^^^^^^
  File "C:\Users\njg24\OneDrive\Desktop\LeadManagment_Project\Lead_Management\venv\Lib\site-packages\django\template\defaulttags.py", line 511, in render
    url = reverse(view_name, args=args, kwargs=kwargs, current_app=current_app)
  File "C:\Users\njg24\OneDrive\Desktop\LeadManagment_Project\Lead_Management\venv\Lib\site-packages\django\urls\base.py", line 98, in reverse
    resolved_url = resolver._reverse_with_prefix(view, prefix, *args, **kwargs)
  File "C:\Users\njg24\OneDrive\Desktop\LeadManagment_Project\Lead_Management\venv\Lib\site-packages\django\urls\resolvers.py", line 842, in _reverse_with_prefix
    raise NoReverseMatch(msg)
django.urls.exceptions.NoReverseMatch: Reverse for 'region_list' not found. 'region_list' is not a valid view function or pattern name.
ERROR 2026-06-26 18:18:56,438 django.server log.py 249 "GET /home/ HTTP/1.1" 500 160710
ERROR 2026-06-26 18:37:15,949 django.request log.py 249 Internal Server Error: /leads/
Traceback (most recent call last):
  File "C:\Users\njg24\OneDrive\Desktop\LeadManagment_Project\Lead_Management\venv\Lib\site-packages\django\core\handlers\exception.py", line 55, in inner
    response = get_response(request)
  File "C:\Users\njg24\OneDrive\Desktop\LeadManagment_Project\Lead_Management\venv\Lib\site-packages\django\core\handlers\base.py", line 198, in _get_response
    response = wrapped_callback(request, *callback_args, **callback_kwargs)
  File "C:\Users\njg24\OneDrive\Desktop\LeadManagment_Project\Lead_Management\venv\Lib\site-packages\django\contrib\auth\decorators.py", line 59, in _view_wrapper
    return view_func(request, *args, **kwargs)
  File "C:\Users\njg24\OneDrive\Desktop\LeadManagment_Project\Lead_Management\crm\views.py", line 222, in lead_list
    return render(
        request,
    ...<3 lines>...
        }
    )
  File "C:\Users\njg24\OneDrive\Desktop\LeadManagment_Project\Lead_Management\venv\Lib\site-packages\django\shortcuts.py", line 25, in render
    content = loader.render_to_string(template_name, context, request, using=using)
  File "C:\Users\njg24\OneDrive\Desktop\LeadManagment_Project\Lead_Management\venv\Lib\site-packages\django\template\loader.py", line 62, in render_to_string
    return template.render(context, request)
           ~~~~~~~~~~~~~~~^^^^^^^^^^^^^^^^^^
  File "C:\Users\njg24\OneDrive\Desktop\LeadManagment_Project\Lead_Management\venv\Lib\site-packages\django\template\backends\django.py", line 107, in render
    return self.template.render(context)
           ~~~~~~~~~~~~~~~~~~~~^^^^^^^^^
  File "C:\Users\njg24\OneDrive\Desktop\LeadManagment_Project\Lead_Management\venv\Lib\site-packages\django\template\base.py", line 174, in render
    return self._render(context)
           ~~~~~~~~~~~~^^^^^^^^^
  File "C:\Users\njg24\OneDrive\Desktop\LeadManagment_Project\Lead_Management\venv\Lib\site-packages\django\template\base.py", line 166, in _render
    return self.nodelist.render(context)
           ~~~~~~~~~~~~~~~~~~~~^^^^^^^^^
  File "C:\Users\njg24\OneDrive\Desktop\LeadManagment_Project\Lead_Management\venv\Lib\site-packages\django\template\base.py", line 1091, in render
    return SafeString("".join([node.render_annotated(context) for node in self]))
                               ~~~~~~~~~~~~~~~~~~~~~^^^^^^^^^
  File "C:\Users\njg24\OneDrive\Desktop\LeadManagment_Project\Lead_Management\venv\Lib\site-packages\django\template\base.py", line 1052, in render_annotated
    return self.render(context)
           ~~~~~~~~~~~^^^^^^^^^
  File "C:\Users\njg24\OneDrive\Desktop\LeadManagment_Project\Lead_Management\venv\Lib\site-packages\django\template\loader_tags.py", line 160, in render
    return compiled_parent._render(context)
           ~~~~~~~~~~~~~~~~~~~~~~~^^^^^^^^^
  File "C:\Users\njg24\OneDrive\Desktop\LeadManagment_Project\Lead_Management\venv\Lib\site-packages\django\template\base.py", line 166, in _render
    return self.nodelist.render(context)
           ~~~~~~~~~~~~~~~~~~~~^^^^^^^^^
  File "C:\Users\njg24\OneDrive\Desktop\LeadManagment_Project\Lead_Management\venv\Lib\site-packages\django\template\base.py", line 1091, in render
    return SafeString("".join([node.render_annotated(context) for node in self]))
                               ~~~~~~~~~~~~~~~~~~~~~^^^^^^^^^
  File "C:\Users\njg24\OneDrive\Desktop\LeadManagment_Project\Lead_Management\venv\Lib\site-packages\django\template\base.py", line 1052, in render_annotated
    return self.render(context)
           ~~~~~~~~~~~^^^^^^^^^
  File "C:\Users\njg24\OneDrive\Desktop\LeadManagment_Project\Lead_Management\venv\Lib\site-packages\django\template\loader_tags.py", line 66, in render
    result = block.nodelist.render(context)
  File "C:\Users\njg24\OneDrive\Desktop\LeadManagment_Project\Lead_Management\venv\Lib\site-packages\django\template\base.py", line 1091, in render
    return SafeString("".join([node.render_annotated(context) for node in self]))
                               ~~~~~~~~~~~~~~~~~~~~~^^^^^^^^^
  File "C:\Users\njg24\OneDrive\Desktop\LeadManagment_Project\Lead_Management\venv\Lib\site-packages\django\template\base.py", line 1052, in render_annotated
    return self.render(context)
           ~~~~~~~~~~~^^^^^^^^^
  File "C:\Users\njg24\OneDrive\Desktop\LeadManagment_Project\Lead_Management\venv\Lib\site-packages\django\template\defaulttags.py", line 511, in render
    url = reverse(view_name, args=args, kwargs=kwargs, current_app=current_app)
  File "C:\Users\njg24\OneDrive\Desktop\LeadManagment_Project\Lead_Management\venv\Lib\site-packages\django\urls\base.py", line 98, in reverse
    resolved_url = resolver._reverse_with_prefix(view, prefix, *args, **kwargs)
  File "C:\Users\njg24\OneDrive\Desktop\LeadManagment_Project\Lead_Management\venv\Lib\site-packages\django\urls\resolvers.py", line 842, in _reverse_with_prefix
    raise NoReverseMatch(msg)
django.urls.exceptions.NoReverseMatch: Reverse for 'add_lead' not found. 'add_lead' is not a valid view function or pattern name.
ERROR 2026-06-26 18:37:15,956 django.server log.py 249 "GET /leads/ HTTP/1.1" 500 170857
ERROR 2026-06-26 18:37:25,295 django.request log.py 249 Internal Server Error: /products/
Traceback (most recent call last):
  File "C:\Users\njg24\OneDrive\Desktop\LeadManagment_Project\Lead_Management\venv\Lib\site-packages\django\core\handlers\exception.py", line 55, in inner
    response = get_response(request)
  File "C:\Users\njg24\OneDrive\Desktop\LeadManagment_Project\Lead_Management\venv\Lib\site-packages\django\core\handlers\base.py", line 198, in _get_response
    response = wrapped_callback(request, *callback_args, **callback_kwargs)
  File "C:\Users\njg24\OneDrive\Desktop\LeadManagment_Project\Lead_Management\venv\Lib\site-packages\django\contrib\auth\decorators.py", line 59, in _view_wrapper
    return view_func(request, *args, **kwargs)
  File "C:\Users\njg24\OneDrive\Desktop\LeadManagment_Project\Lead_Management\crm\views.py", line 26, in product_list
    return render(
        request,
        'product/product_list.html',
        {'products': products}
    )
  File "C:\Users\njg24\OneDrive\Desktop\LeadManagment_Project\Lead_Management\venv\Lib\site-packages\django\shortcuts.py", line 25, in render
    content = loader.render_to_string(template_name, context, request, using=using)
  File "C:\Users\njg24\OneDrive\Desktop\LeadManagment_Project\Lead_Management\venv\Lib\site-packages\django\template\loader.py", line 62, in render_to_string
    return template.render(context, request)
           ~~~~~~~~~~~~~~~^^^^^^^^^^^^^^^^^^
  File "C:\Users\njg24\OneDrive\Desktop\LeadManagment_Project\Lead_Management\venv\Lib\site-packages\django\template\backends\django.py", line 107, in render
    return self.template.render(context)
           ~~~~~~~~~~~~~~~~~~~~^^^^^^^^^
  File "C:\Users\njg24\OneDrive\Desktop\LeadManagment_Project\Lead_Management\venv\Lib\site-packages\django\template\base.py", line 174, in render
    return self._render(context)
           ~~~~~~~~~~~~^^^^^^^^^
  File "C:\Users\njg24\OneDrive\Desktop\LeadManagment_Project\Lead_Management\venv\Lib\site-packages\django\template\base.py", line 166, in _render
    return self.nodelist.render(context)
           ~~~~~~~~~~~~~~~~~~~~^^^^^^^^^
  File "C:\Users\njg24\OneDrive\Desktop\LeadManagment_Project\Lead_Management\venv\Lib\site-packages\django\template\base.py", line 1091, in render
    return SafeString("".join([node.render_annotated(context) for node in self]))
                               ~~~~~~~~~~~~~~~~~~~~~^^^^^^^^^
  File "C:\Users\njg24\OneDrive\Desktop\LeadManagment_Project\Lead_Management\venv\Lib\site-packages\django\template\base.py", line 1052, in render_annotated
    return self.render(context)
           ~~~~~~~~~~~^^^^^^^^^
  File "C:\Users\njg24\OneDrive\Desktop\LeadManagment_Project\Lead_Management\venv\Lib\site-packages\django\template\loader_tags.py", line 160, in render
    return compiled_parent._render(context)
           ~~~~~~~~~~~~~~~~~~~~~~~^^^^^^^^^
  File "C:\Users\njg24\OneDrive\Desktop\LeadManagment_Project\Lead_Management\venv\Lib\site-packages\django\template\base.py", line 166, in _render
    return self.nodelist.render(context)
           ~~~~~~~~~~~~~~~~~~~~^^^^^^^^^
  File "C:\Users\njg24\OneDrive\Desktop\LeadManagment_Project\Lead_Management\venv\Lib\site-packages\django\template\base.py", line 1091, in render
    return SafeString("".join([node.render_annotated(context) for node in self]))
                               ~~~~~~~~~~~~~~~~~~~~~^^^^^^^^^
  File "C:\Users\njg24\OneDrive\Desktop\LeadManagment_Project\Lead_Management\venv\Lib\site-packages\django\template\base.py", line 1052, in render_annotated
    return self.render(context)
           ~~~~~~~~~~~^^^^^^^^^
  File "C:\Users\njg24\OneDrive\Desktop\LeadManagment_Project\Lead_Management\venv\Lib\site-packages\django\template\loader_tags.py", line 66, in render
    result = block.nodelist.render(context)
  File "C:\Users\njg24\OneDrive\Desktop\LeadManagment_Project\Lead_Management\venv\Lib\site-packages\django\template\base.py", line 1091, in render
    return SafeString("".join([node.render_annotated(context) for node in self]))
                               ~~~~~~~~~~~~~~~~~~~~~^^^^^^^^^
  File "C:\Users\njg24\OneDrive\Desktop\LeadManagment_Project\Lead_Management\venv\Lib\site-packages\django\template\base.py", line 1052, in render_annotated
    return self.render(context)
           ~~~~~~~~~~~^^^^^^^^^
  File "C:\Users\njg24\OneDrive\Desktop\LeadManagment_Project\Lead_Management\venv\Lib\site-packages\django\template\defaulttags.py", line 511, in render
    url = reverse(view_name, args=args, kwargs=kwargs, current_app=current_app)
  File "C:\Users\njg24\OneDrive\Desktop\LeadManagment_Project\Lead_Management\venv\Lib\site-packages\django\urls\base.py", line 98, in reverse
    resolved_url = resolver._reverse_with_prefix(view, prefix, *args, **kwargs)
  File "C:\Users\njg24\OneDrive\Desktop\LeadManagment_Project\Lead_Management\venv\Lib\site-packages\django\urls\resolvers.py", line 842, in _reverse_with_prefix
    raise NoReverseMatch(msg)
django.urls.exceptions.NoReverseMatch: Reverse for 'add_product' not found. 'add_product' is not a valid view function or pattern name.
ERROR 2026-06-26 18:37:25,298 django.server log.py 249 "GET /products/ HTTP/1.1" 500 169539
ERROR 2026-06-26 18:37:29,565 django.request log.py 249 Internal Server Error: /products/
Traceback (most recent call last):
  File "C:\Users\njg24\OneDrive\Desktop\LeadManagment_Project\Lead_Management\venv\Lib\site-packages\django\core\handlers\exception.py", line 55, in inner
    response = get_response(request)
  File "C:\Users\njg24\OneDrive\Desktop\LeadManagment_Project\Lead_Management\venv\Lib\site-packages\django\core\handlers\base.py", line 198, in _get_response
    response = wrapped_callback(request, *callback_args, **callback_kwargs)
  File "C:\Users\njg24\OneDrive\Desktop\LeadManagment_Project\Lead_Management\venv\Lib\site-packages\django\contrib\auth\decorators.py", line 59, in _view_wrapper
    return view_func(request, *args, **kwargs)
  File "C:\Users\njg24\OneDrive\Desktop\LeadManagment_Project\Lead_Management\crm\views.py", line 26, in product_list
    return render(
        request,
        'product/product_list.html',
        {'products': products}
    )
  File "C:\Users\njg24\OneDrive\Desktop\LeadManagment_Project\Lead_Management\venv\Lib\site-packages\django\shortcuts.py", line 25, in render
    content = loader.render_to_string(template_name, context, request, using=using)
  File "C:\Users\njg24\OneDrive\Desktop\LeadManagment_Project\Lead_Management\venv\Lib\site-packages\django\template\loader.py", line 62, in render_to_string
    return template.render(context, request)
           ~~~~~~~~~~~~~~~^^^^^^^^^^^^^^^^^^
  File "C:\Users\njg24\OneDrive\Desktop\LeadManagment_Project\Lead_Management\venv\Lib\site-packages\django\template\backends\django.py", line 107, in render
    return self.template.render(context)
           ~~~~~~~~~~~~~~~~~~~~^^^^^^^^^
  File "C:\Users\njg24\OneDrive\Desktop\LeadManagment_Project\Lead_Management\venv\Lib\site-packages\django\template\base.py", line 174, in render
    return self._render(context)
           ~~~~~~~~~~~~^^^^^^^^^
  File "C:\Users\njg24\OneDrive\Desktop\LeadManagment_Project\Lead_Management\venv\Lib\site-packages\django\template\base.py", line 166, in _render
    return self.nodelist.render(context)
           ~~~~~~~~~~~~~~~~~~~~^^^^^^^^^
  File "C:\Users\njg24\OneDrive\Desktop\LeadManagment_Project\Lead_Management\venv\Lib\site-packages\django\template\base.py", line 1091, in render
    return SafeString("".join([node.render_annotated(context) for node in self]))
                               ~~~~~~~~~~~~~~~~~~~~~^^^^^^^^^
  File "C:\Users\njg24\OneDrive\Desktop\LeadManagment_Project\Lead_Management\venv\Lib\site-packages\django\template\base.py", line 1052, in render_annotated
    return self.render(context)
           ~~~~~~~~~~~^^^^^^^^^
  File "C:\Users\njg24\OneDrive\Desktop\LeadManagment_Project\Lead_Management\venv\Lib\site-packages\django\template\loader_tags.py", line 160, in render
    return compiled_parent._render(context)
           ~~~~~~~~~~~~~~~~~~~~~~~^^^^^^^^^
  File "C:\Users\njg24\OneDrive\Desktop\LeadManagment_Project\Lead_Management\venv\Lib\site-packages\django\template\base.py", line 166, in _render
    return self.nodelist.render(context)
           ~~~~~~~~~~~~~~~~~~~~^^^^^^^^^
  File "C:\Users\njg24\OneDrive\Desktop\LeadManagment_Project\Lead_Management\venv\Lib\site-packages\django\template\base.py", line 1091, in render
    return SafeString("".join([node.render_annotated(context) for node in self]))
                               ~~~~~~~~~~~~~~~~~~~~~^^^^^^^^^
  File "C:\Users\njg24\OneDrive\Desktop\LeadManagment_Project\Lead_Management\venv\Lib\site-packages\django\template\base.py", line 1052, in render_annotated
    return self.render(context)
           ~~~~~~~~~~~^^^^^^^^^
  File "C:\Users\njg24\OneDrive\Desktop\LeadManagment_Project\Lead_Management\venv\Lib\site-packages\django\template\loader_tags.py", line 66, in render
    result = block.nodelist.render(context)
  File "C:\Users\njg24\OneDrive\Desktop\LeadManagment_Project\Lead_Management\venv\Lib\site-packages\django\template\base.py", line 1091, in render
    return SafeString("".join([node.render_annotated(context) for node in self]))
                               ~~~~~~~~~~~~~~~~~~~~~^^^^^^^^^
  File "C:\Users\njg24\OneDrive\Desktop\LeadManagment_Project\Lead_Management\venv\Lib\site-packages\django\template\base.py", line 1052, in render_annotated
    return self.render(context)
           ~~~~~~~~~~~^^^^^^^^^
  File "C:\Users\njg24\OneDrive\Desktop\LeadManagment_Project\Lead_Management\venv\Lib\site-packages\django\template\defaulttags.py", line 511, in render
    url = reverse(view_name, args=args, kwargs=kwargs, current_app=current_app)
  File "C:\Users\njg24\OneDrive\Desktop\LeadManagment_Project\Lead_Management\venv\Lib\site-packages\django\urls\base.py", line 98, in reverse
    resolved_url = resolver._reverse_with_prefix(view, prefix, *args, **kwargs)
  File "C:\Users\njg24\OneDrive\Desktop\LeadManagment_Project\Lead_Management\venv\Lib\site-packages\django\urls\resolvers.py", line 842, in _reverse_with_prefix
    raise NoReverseMatch(msg)
django.urls.exceptions.NoReverseMatch: Reverse for 'add_product' not found. 'add_product' is not a valid view function or pattern name.
ERROR 2026-06-26 18:37:29,567 django.server log.py 249 "GET /products/ HTTP/1.1" 500 169539
ERROR 2026-06-26 18:37:36,342 django.request log.py 249 Internal Server Error: /regions/
Traceback (most recent call last):
  File "C:\Users\njg24\OneDrive\Desktop\LeadManagment_Project\Lead_Management\venv\Lib\site-packages\django\core\handlers\exception.py", line 55, in inner
    response = get_response(request)
  File "C:\Users\njg24\OneDrive\Desktop\LeadManagment_Project\Lead_Management\venv\Lib\site-packages\django\core\handlers\base.py", line 198, in _get_response
    response = wrapped_callback(request, *callback_args, **callback_kwargs)
  File "C:\Users\njg24\OneDrive\Desktop\LeadManagment_Project\Lead_Management\venv\Lib\site-packages\django\contrib\auth\decorators.py", line 59, in _view_wrapper
    return view_func(request, *args, **kwargs)
  File "C:\Users\njg24\OneDrive\Desktop\LeadManagment_Project\Lead_Management\crm\views.py", line 160, in region_list
    return render(
        request,
        'region/region_list.html',
        {'regions': regions}
    )
  File "C:\Users\njg24\OneDrive\Desktop\LeadManagment_Project\Lead_Management\venv\Lib\site-packages\django\shortcuts.py", line 25, in render
    content = loader.render_to_string(template_name, context, request, using=using)
  File "C:\Users\njg24\OneDrive\Desktop\LeadManagment_Project\Lead_Management\venv\Lib\site-packages\django\template\loader.py", line 62, in render_to_string
    return template.render(context, request)
           ~~~~~~~~~~~~~~~^^^^^^^^^^^^^^^^^^
  File "C:\Users\njg24\OneDrive\Desktop\LeadManagment_Project\Lead_Management\venv\Lib\site-packages\django\template\backends\django.py", line 107, in render
    return self.template.render(context)
           ~~~~~~~~~~~~~~~~~~~~^^^^^^^^^
  File "C:\Users\njg24\OneDrive\Desktop\LeadManagment_Project\Lead_Management\venv\Lib\site-packages\django\template\base.py", line 174, in render
    return self._render(context)
           ~~~~~~~~~~~~^^^^^^^^^
  File "C:\Users\njg24\OneDrive\Desktop\LeadManagment_Project\Lead_Management\venv\Lib\site-packages\django\template\base.py", line 166, in _render
    return self.nodelist.render(context)
           ~~~~~~~~~~~~~~~~~~~~^^^^^^^^^
  File "C:\Users\njg24\OneDrive\Desktop\LeadManagment_Project\Lead_Management\venv\Lib\site-packages\django\template\base.py", line 1091, in render
    return SafeString("".join([node.render_annotated(context) for node in self]))
                               ~~~~~~~~~~~~~~~~~~~~~^^^^^^^^^
  File "C:\Users\njg24\OneDrive\Desktop\LeadManagment_Project\Lead_Management\venv\Lib\site-packages\django\template\base.py", line 1052, in render_annotated
    return self.render(context)
           ~~~~~~~~~~~^^^^^^^^^
  File "C:\Users\njg24\OneDrive\Desktop\LeadManagment_Project\Lead_Management\venv\Lib\site-packages\django\template\loader_tags.py", line 160, in render
    return compiled_parent._render(context)
           ~~~~~~~~~~~~~~~~~~~~~~~^^^^^^^^^
  File "C:\Users\njg24\OneDrive\Desktop\LeadManagment_Project\Lead_Management\venv\Lib\site-packages\django\template\base.py", line 166, in _render
    return self.nodelist.render(context)
           ~~~~~~~~~~~~~~~~~~~~^^^^^^^^^
  File "C:\Users\njg24\OneDrive\Desktop\LeadManagment_Project\Lead_Management\venv\Lib\site-packages\django\template\base.py", line 1091, in render
    return SafeString("".join([node.render_annotated(context) for node in self]))
                               ~~~~~~~~~~~~~~~~~~~~~^^^^^^^^^
  File "C:\Users\njg24\OneDrive\Desktop\LeadManagment_Project\Lead_Management\venv\Lib\site-packages\django\template\base.py", line 1052, in render_annotated
    return self.render(context)
           ~~~~~~~~~~~^^^^^^^^^
  File "C:\Users\njg24\OneDrive\Desktop\LeadManagment_Project\Lead_Management\venv\Lib\site-packages\django\template\loader_tags.py", line 66, in render
    result = block.nodelist.render(context)
  File "C:\Users\njg24\OneDrive\Desktop\LeadManagment_Project\Lead_Management\venv\Lib\site-packages\django\template\base.py", line 1091, in render
    return SafeString("".join([node.render_annotated(context) for node in self]))
                               ~~~~~~~~~~~~~~~~~~~~~^^^^^^^^^
  File "C:\Users\njg24\OneDrive\Desktop\LeadManagment_Project\Lead_Management\venv\Lib\site-packages\django\template\base.py", line 1052, in render_annotated
    return self.render(context)
           ~~~~~~~~~~~^^^^^^^^^
  File "C:\Users\njg24\OneDrive\Desktop\LeadManagment_Project\Lead_Management\venv\Lib\site-packages\django\template\defaulttags.py", line 511, in render
    url = reverse(view_name, args=args, kwargs=kwargs, current_app=current_app)
  File "C:\Users\njg24\OneDrive\Desktop\LeadManagment_Project\Lead_Management\venv\Lib\site-packages\django\urls\base.py", line 98, in reverse
    resolved_url = resolver._reverse_with_prefix(view, prefix, *args, **kwargs)
  File "C:\Users\njg24\OneDrive\Desktop\LeadManagment_Project\Lead_Management\venv\Lib\site-packages\django\urls\resolvers.py", line 842, in _reverse_with_prefix
    raise NoReverseMatch(msg)
django.urls.exceptions.NoReverseMatch: Reverse for 'add_region' not found. 'add_region' is not a valid view function or pattern name.
ERROR 2026-06-26 18:37:36,345 django.server log.py 249 "GET /regions/ HTTP/1.1" 500 161855
ERROR 2026-06-26 18:50:08,942 django.request log.py 249 Internal Server Error: /leads/
Traceback (most recent call last):
  File "C:\Users\njg24\OneDrive\Desktop\LeadManagment_Project\Lead_Management\venv\Lib\site-packages\django\core\handlers\exception.py", line 55, in inner
    response = get_response(request)
  File "C:\Users\njg24\OneDrive\Desktop\LeadManagment_Project\Lead_Management\venv\Lib\site-packages\django\core\handlers\base.py", line 198, in _get_response
    response = wrapped_callback(request, *callback_args, **callback_kwargs)
  File "C:\Users\njg24\OneDrive\Desktop\LeadManagment_Project\Lead_Management\venv\Lib\site-packages\django\contrib\auth\decorators.py", line 59, in _view_wrapper
    return view_func(request, *args, **kwargs)
  File "C:\Users\njg24\OneDrive\Desktop\LeadManagment_Project\Lead_Management\crm\views.py", line 222, in lead_list
    return render(
        request,
    ...<3 lines>...
        }
    )
  File "C:\Users\njg24\OneDrive\Desktop\LeadManagment_Project\Lead_Management\venv\Lib\site-packages\django\shortcuts.py", line 25, in render
    content = loader.render_to_string(template_name, context, request, using=using)
  File "C:\Users\njg24\OneDrive\Desktop\LeadManagment_Project\Lead_Management\venv\Lib\site-packages\django\template\loader.py", line 62, in render_to_string
    return template.render(context, request)
           ~~~~~~~~~~~~~~~^^^^^^^^^^^^^^^^^^
  File "C:\Users\njg24\OneDrive\Desktop\LeadManagment_Project\Lead_Management\venv\Lib\site-packages\django\template\backends\django.py", line 107, in render
    return self.template.render(context)
           ~~~~~~~~~~~~~~~~~~~~^^^^^^^^^
  File "C:\Users\njg24\OneDrive\Desktop\LeadManagment_Project\Lead_Management\venv\Lib\site-packages\django\template\base.py", line 174, in render
    return self._render(context)
           ~~~~~~~~~~~~^^^^^^^^^
  File "C:\Users\njg24\OneDrive\Desktop\LeadManagment_Project\Lead_Management\venv\Lib\site-packages\django\template\base.py", line 166, in _render
    return self.nodelist.render(context)
           ~~~~~~~~~~~~~~~~~~~~^^^^^^^^^
  File "C:\Users\njg24\OneDrive\Desktop\LeadManagment_Project\Lead_Management\venv\Lib\site-packages\django\template\base.py", line 1091, in render
    return SafeString("".join([node.render_annotated(context) for node in self]))
                               ~~~~~~~~~~~~~~~~~~~~~^^^^^^^^^
  File "C:\Users\njg24\OneDrive\Desktop\LeadManagment_Project\Lead_Management\venv\Lib\site-packages\django\template\base.py", line 1052, in render_annotated
    return self.render(context)
           ~~~~~~~~~~~^^^^^^^^^
  File "C:\Users\njg24\OneDrive\Desktop\LeadManagment_Project\Lead_Management\venv\Lib\site-packages\django\template\loader_tags.py", line 160, in render
    return compiled_parent._render(context)
           ~~~~~~~~~~~~~~~~~~~~~~~^^^^^^^^^
  File "C:\Users\njg24\OneDrive\Desktop\LeadManagment_Project\Lead_Management\venv\Lib\site-packages\django\template\base.py", line 166, in _render
    return self.nodelist.render(context)
           ~~~~~~~~~~~~~~~~~~~~^^^^^^^^^
  File "C:\Users\njg24\OneDrive\Desktop\LeadManagment_Project\Lead_Management\venv\Lib\site-packages\django\template\base.py", line 1091, in render
    return SafeString("".join([node.render_annotated(context) for node in self]))
                               ~~~~~~~~~~~~~~~~~~~~~^^^^^^^^^
  File "C:\Users\njg24\OneDrive\Desktop\LeadManagment_Project\Lead_Management\venv\Lib\site-packages\django\template\base.py", line 1052, in render_annotated
    return self.render(context)
           ~~~~~~~~~~~^^^^^^^^^
  File "C:\Users\njg24\OneDrive\Desktop\LeadManagment_Project\Lead_Management\venv\Lib\site-packages\django\template\loader_tags.py", line 66, in render
    result = block.nodelist.render(context)
  File "C:\Users\njg24\OneDrive\Desktop\LeadManagment_Project\Lead_Management\venv\Lib\site-packages\django\template\base.py", line 1091, in render
    return SafeString("".join([node.render_annotated(context) for node in self]))
                               ~~~~~~~~~~~~~~~~~~~~~^^^^^^^^^
  File "C:\Users\njg24\OneDrive\Desktop\LeadManagment_Project\Lead_Management\venv\Lib\site-packages\django\template\base.py", line 1052, in render_annotated
    return self.render(context)
           ~~~~~~~~~~~^^^^^^^^^
  File "C:\Users\njg24\OneDrive\Desktop\LeadManagment_Project\Lead_Management\venv\Lib\site-packages\django\template\defaulttags.py", line 511, in render
    url = reverse(view_name, args=args, kwargs=kwargs, current_app=current_app)
  File "C:\Users\njg24\OneDrive\Desktop\LeadManagment_Project\Lead_Management\venv\Lib\site-packages\django\urls\base.py", line 98, in reverse
    resolved_url = resolver._reverse_with_prefix(view, prefix, *args, **kwargs)
  File "C:\Users\njg24\OneDrive\Desktop\LeadManagment_Project\Lead_Management\venv\Lib\site-packages\django\urls\resolvers.py", line 842, in _reverse_with_prefix
    raise NoReverseMatch(msg)
django.urls.exceptions.NoReverseMatch: Reverse for 'add_lead' not found. 'add_lead' is not a valid view function or pattern name.
ERROR 2026-06-26 18:50:08,950 django.server log.py 249 "GET /leads/ HTTP/1.1" 500 170857
ERROR 2026-06-26 21:48:41,494 django.request log.py 249 Internal Server Error: /leads/
Traceback (most recent call last):
  File "C:\Users\njg24\OneDrive\Desktop\LeadManagment_Project\Lead_Management\venv\Lib\site-packages\django\core\handlers\exception.py", line 55, in inner
    response = get_response(request)
  File "C:\Users\njg24\OneDrive\Desktop\LeadManagment_Project\Lead_Management\venv\Lib\site-packages\django\core\handlers\base.py", line 198, in _get_response
    response = wrapped_callback(request, *callback_args, **callback_kwargs)
  File "C:\Users\njg24\OneDrive\Desktop\LeadManagment_Project\Lead_Management\venv\Lib\site-packages\django\contrib\auth\decorators.py", line 59, in _view_wrapper
    return view_func(request, *args, **kwargs)
  File "C:\Users\njg24\OneDrive\Desktop\LeadManagment_Project\Lead_Management\crm\views.py", line 321, in lead_list
    return render(request, 'lead/lead_list.html', {
        'leads': leads,
        'query': query
    })
  File "C:\Users\njg24\OneDrive\Desktop\LeadManagment_Project\Lead_Management\venv\Lib\site-packages\django\shortcuts.py", line 25, in render
    content = loader.render_to_string(template_name, context, request, using=using)
  File "C:\Users\njg24\OneDrive\Desktop\LeadManagment_Project\Lead_Management\venv\Lib\site-packages\django\template\loader.py", line 62, in render_to_string
    return template.render(context, request)
           ~~~~~~~~~~~~~~~^^^^^^^^^^^^^^^^^^
  File "C:\Users\njg24\OneDrive\Desktop\LeadManagment_Project\Lead_Management\venv\Lib\site-packages\django\template\backends\django.py", line 107, in render
    return self.template.render(context)
           ~~~~~~~~~~~~~~~~~~~~^^^^^^^^^
  File "C:\Users\njg24\OneDrive\Desktop\LeadManagment_Project\Lead_Management\venv\Lib\site-packages\django\template\base.py", line 174, in render
    return self._render(context)
           ~~~~~~~~~~~~^^^^^^^^^
  File "C:\Users\njg24\OneDrive\Desktop\LeadManagment_Project\Lead_Management\venv\Lib\site-packages\django\template\base.py", line 166, in _render
    return self.nodelist.render(context)
           ~~~~~~~~~~~~~~~~~~~~^^^^^^^^^
  File "C:\Users\njg24\OneDrive\Desktop\LeadManagment_Project\Lead_Management\venv\Lib\site-packages\django\template\base.py", line 1091, in render
    return SafeString("".join([node.render_annotated(context) for node in self]))
                               ~~~~~~~~~~~~~~~~~~~~~^^^^^^^^^
  File "C:\Users\njg24\OneDrive\Desktop\LeadManagment_Project\Lead_Management\venv\Lib\site-packages\django\template\base.py", line 1052, in render_annotated
    return self.render(context)
           ~~~~~~~~~~~^^^^^^^^^
  File "C:\Users\njg24\OneDrive\Desktop\LeadManagment_Project\Lead_Management\venv\Lib\site-packages\django\template\loader_tags.py", line 160, in render
    return compiled_parent._render(context)
           ~~~~~~~~~~~~~~~~~~~~~~~^^^^^^^^^
  File "C:\Users\njg24\OneDrive\Desktop\LeadManagment_Project\Lead_Management\venv\Lib\site-packages\django\template\base.py", line 166, in _render
    return self.nodelist.render(context)
           ~~~~~~~~~~~~~~~~~~~~^^^^^^^^^
  File "C:\Users\njg24\OneDrive\Desktop\LeadManagment_Project\Lead_Management\venv\Lib\site-packages\django\template\base.py", line 1091, in render
    return SafeString("".join([node.render_annotated(context) for node in self]))
                               ~~~~~~~~~~~~~~~~~~~~~^^^^^^^^^
  File "C:\Users\njg24\OneDrive\Desktop\LeadManagment_Project\Lead_Management\venv\Lib\site-packages\django\template\base.py", line 1052, in render_annotated
    return self.render(context)
           ~~~~~~~~~~~^^^^^^^^^
  File "C:\Users\njg24\OneDrive\Desktop\LeadManagment_Project\Lead_Management\venv\Lib\site-packages\django\template\loader_tags.py", line 66, in render
    result = block.nodelist.render(context)
  File "C:\Users\njg24\OneDrive\Desktop\LeadManagment_Project\Lead_Management\venv\Lib\site-packages\django\template\base.py", line 1091, in render
    return SafeString("".join([node.render_annotated(context) for node in self]))
                               ~~~~~~~~~~~~~~~~~~~~~^^^^^^^^^
  File "C:\Users\njg24\OneDrive\Desktop\LeadManagment_Project\Lead_Management\venv\Lib\site-packages\django\template\base.py", line 1052, in render_annotated
    return self.render(context)
           ~~~~~~~~~~~^^^^^^^^^
  File "C:\Users\njg24\OneDrive\Desktop\LeadManagment_Project\Lead_Management\venv\Lib\site-packages\django\template\defaulttags.py", line 511, in render
    url = reverse(view_name, args=args, kwargs=kwargs, current_app=current_app)
  File "C:\Users\njg24\OneDrive\Desktop\LeadManagment_Project\Lead_Management\venv\Lib\site-packages\django\urls\base.py", line 98, in reverse
    resolved_url = resolver._reverse_with_prefix(view, prefix, *args, **kwargs)
  File "C:\Users\njg24\OneDrive\Desktop\LeadManagment_Project\Lead_Management\venv\Lib\site-packages\django\urls\resolvers.py", line 842, in _reverse_with_prefix
    raise NoReverseMatch(msg)
django.urls.exceptions.NoReverseMatch: Reverse for 'lead_export_csv' not found. 'lead_export_csv' is not a valid view function or pattern name.
ERROR 2026-06-26 21:48:41,498 django.server log.py 249 "GET /leads/ HTTP/1.1" 500 174281
ERROR 2026-06-26 21:49:09,027 django.request log.py 249 Internal Server Error: /leads/
Traceback (most recent call last):
  File "C:\Users\njg24\OneDrive\Desktop\LeadManagment_Project\Lead_Management\venv\Lib\site-packages\django\core\handlers\exception.py", line 55, in inner
    response = get_response(request)
  File "C:\Users\njg24\OneDrive\Desktop\LeadManagment_Project\Lead_Management\venv\Lib\site-packages\django\core\handlers\base.py", line 198, in _get_response
    response = wrapped_callback(request, *callback_args, **callback_kwargs)
  File "C:\Users\njg24\OneDrive\Desktop\LeadManagment_Project\Lead_Management\venv\Lib\site-packages\django\contrib\auth\decorators.py", line 59, in _view_wrapper
    return view_func(request, *args, **kwargs)
  File "C:\Users\njg24\OneDrive\Desktop\LeadManagment_Project\Lead_Management\crm\views.py", line 321, in lead_list
    return render(request, 'lead/lead_list.html', {
        'leads': leads,
        'query': query
    })
  File "C:\Users\njg24\OneDrive\Desktop\LeadManagment_Project\Lead_Management\venv\Lib\site-packages\django\shortcuts.py", line 25, in render
    content = loader.render_to_string(template_name, context, request, using=using)
  File "C:\Users\njg24\OneDrive\Desktop\LeadManagment_Project\Lead_Management\venv\Lib\site-packages\django\template\loader.py", line 62, in render_to_string
    return template.render(context, request)
           ~~~~~~~~~~~~~~~^^^^^^^^^^^^^^^^^^
  File "C:\Users\njg24\OneDrive\Desktop\LeadManagment_Project\Lead_Management\venv\Lib\site-packages\django\template\backends\django.py", line 107, in render
    return self.template.render(context)
           ~~~~~~~~~~~~~~~~~~~~^^^^^^^^^
  File "C:\Users\njg24\OneDrive\Desktop\LeadManagment_Project\Lead_Management\venv\Lib\site-packages\django\template\base.py", line 174, in render
    return self._render(context)
           ~~~~~~~~~~~~^^^^^^^^^
  File "C:\Users\njg24\OneDrive\Desktop\LeadManagment_Project\Lead_Management\venv\Lib\site-packages\django\template\base.py", line 166, in _render
    return self.nodelist.render(context)
           ~~~~~~~~~~~~~~~~~~~~^^^^^^^^^
  File "C:\Users\njg24\OneDrive\Desktop\LeadManagment_Project\Lead_Management\venv\Lib\site-packages\django\template\base.py", line 1091, in render
    return SafeString("".join([node.render_annotated(context) for node in self]))
                               ~~~~~~~~~~~~~~~~~~~~~^^^^^^^^^
  File "C:\Users\njg24\OneDrive\Desktop\LeadManagment_Project\Lead_Management\venv\Lib\site-packages\django\template\base.py", line 1052, in render_annotated
    return self.render(context)
           ~~~~~~~~~~~^^^^^^^^^
  File "C:\Users\njg24\OneDrive\Desktop\LeadManagment_Project\Lead_Management\venv\Lib\site-packages\django\template\loader_tags.py", line 160, in render
    return compiled_parent._render(context)
           ~~~~~~~~~~~~~~~~~~~~~~~^^^^^^^^^
  File "C:\Users\njg24\OneDrive\Desktop\LeadManagment_Project\Lead_Management\venv\Lib\site-packages\django\template\base.py", line 166, in _render
    return self.nodelist.render(context)
           ~~~~~~~~~~~~~~~~~~~~^^^^^^^^^
  File "C:\Users\njg24\OneDrive\Desktop\LeadManagment_Project\Lead_Management\venv\Lib\site-packages\django\template\base.py", line 1091, in render
    return SafeString("".join([node.render_annotated(context) for node in self]))
                               ~~~~~~~~~~~~~~~~~~~~~^^^^^^^^^
  File "C:\Users\njg24\OneDrive\Desktop\LeadManagment_Project\Lead_Management\venv\Lib\site-packages\django\template\base.py", line 1052, in render_annotated
    return self.render(context)
           ~~~~~~~~~~~^^^^^^^^^
  File "C:\Users\njg24\OneDrive\Desktop\LeadManagment_Project\Lead_Management\venv\Lib\site-packages\django\template\loader_tags.py", line 66, in render
    result = block.nodelist.render(context)
  File "C:\Users\njg24\OneDrive\Desktop\LeadManagment_Project\Lead_Management\venv\Lib\site-packages\django\template\base.py", line 1091, in render
    return SafeString("".join([node.render_annotated(context) for node in self]))
                               ~~~~~~~~~~~~~~~~~~~~~^^^^^^^^^
  File "C:\Users\njg24\OneDrive\Desktop\LeadManagment_Project\Lead_Management\venv\Lib\site-packages\django\template\base.py", line 1052, in render_annotated
    return self.render(context)
           ~~~~~~~~~~~^^^^^^^^^
  File "C:\Users\njg24\OneDrive\Desktop\LeadManagment_Project\Lead_Management\venv\Lib\site-packages\django\template\defaulttags.py", line 511, in render
    url = reverse(view_name, args=args, kwargs=kwargs, current_app=current_app)
  File "C:\Users\njg24\OneDrive\Desktop\LeadManagment_Project\Lead_Management\venv\Lib\site-packages\django\urls\base.py", line 98, in reverse
    resolved_url = resolver._reverse_with_prefix(view, prefix, *args, **kwargs)
  File "C:\Users\njg24\OneDrive\Desktop\LeadManagment_Project\Lead_Management\venv\Lib\site-packages\django\urls\resolvers.py", line 842, in _reverse_with_prefix
    raise NoReverseMatch(msg)
django.urls.exceptions.NoReverseMatch: Reverse for 'lead_export_csv' not found. 'lead_export_csv' is not a valid view function or pattern name.
ERROR 2026-06-26 21:49:09,030 django.server log.py 249 "GET /leads/ HTTP/1.1" 500 174141
ERROR 2026-06-26 21:53:32,504 django.request log.py 249 Internal Server Error: /leads/
Traceback (most recent call last):
  File "C:\Users\njg24\OneDrive\Desktop\LeadManagment_Project\Lead_Management\venv\Lib\site-packages\django\core\handlers\exception.py", line 55, in inner
    response = get_response(request)
  File "C:\Users\njg24\OneDrive\Desktop\LeadManagment_Project\Lead_Management\venv\Lib\site-packages\django\core\handlers\base.py", line 198, in _get_response
    response = wrapped_callback(request, *callback_args, **callback_kwargs)
  File "C:\Users\njg24\OneDrive\Desktop\LeadManagment_Project\Lead_Management\venv\Lib\site-packages\django\contrib\auth\decorators.py", line 59, in _view_wrapper
    return view_func(request, *args, **kwargs)
  File "C:\Users\njg24\OneDrive\Desktop\LeadManagment_Project\Lead_Management\crm\views.py", line 321, in lead_list
    return render(request, 'lead/lead_list.html', {
        'leads': leads,
        'query': query
    })
  File "C:\Users\njg24\OneDrive\Desktop\LeadManagment_Project\Lead_Management\venv\Lib\site-packages\django\shortcuts.py", line 25, in render
    content = loader.render_to_string(template_name, context, request, using=using)
  File "C:\Users\njg24\OneDrive\Desktop\LeadManagment_Project\Lead_Management\venv\Lib\site-packages\django\template\loader.py", line 62, in render_to_string
    return template.render(context, request)
           ~~~~~~~~~~~~~~~^^^^^^^^^^^^^^^^^^
  File "C:\Users\njg24\OneDrive\Desktop\LeadManagment_Project\Lead_Management\venv\Lib\site-packages\django\template\backends\django.py", line 107, in render
    return self.template.render(context)
           ~~~~~~~~~~~~~~~~~~~~^^^^^^^^^
  File "C:\Users\njg24\OneDrive\Desktop\LeadManagment_Project\Lead_Management\venv\Lib\site-packages\django\template\base.py", line 174, in render
    return self._render(context)
           ~~~~~~~~~~~~^^^^^^^^^
  File "C:\Users\njg24\OneDrive\Desktop\LeadManagment_Project\Lead_Management\venv\Lib\site-packages\django\template\base.py", line 166, in _render
    return self.nodelist.render(context)
           ~~~~~~~~~~~~~~~~~~~~^^^^^^^^^
  File "C:\Users\njg24\OneDrive\Desktop\LeadManagment_Project\Lead_Management\venv\Lib\site-packages\django\template\base.py", line 1091, in render
    return SafeString("".join([node.render_annotated(context) for node in self]))
                               ~~~~~~~~~~~~~~~~~~~~~^^^^^^^^^
  File "C:\Users\njg24\OneDrive\Desktop\LeadManagment_Project\Lead_Management\venv\Lib\site-packages\django\template\base.py", line 1052, in render_annotated
    return self.render(context)
           ~~~~~~~~~~~^^^^^^^^^
  File "C:\Users\njg24\OneDrive\Desktop\LeadManagment_Project\Lead_Management\venv\Lib\site-packages\django\template\loader_tags.py", line 160, in render
    return compiled_parent._render(context)
           ~~~~~~~~~~~~~~~~~~~~~~~^^^^^^^^^
  File "C:\Users\njg24\OneDrive\Desktop\LeadManagment_Project\Lead_Management\venv\Lib\site-packages\django\template\base.py", line 166, in _render
    return self.nodelist.render(context)
           ~~~~~~~~~~~~~~~~~~~~^^^^^^^^^
  File "C:\Users\njg24\OneDrive\Desktop\LeadManagment_Project\Lead_Management\venv\Lib\site-packages\django\template\base.py", line 1091, in render
    return SafeString("".join([node.render_annotated(context) for node in self]))
                               ~~~~~~~~~~~~~~~~~~~~~^^^^^^^^^
  File "C:\Users\njg24\OneDrive\Desktop\LeadManagment_Project\Lead_Management\venv\Lib\site-packages\django\template\base.py", line 1052, in render_annotated
    return self.render(context)
           ~~~~~~~~~~~^^^^^^^^^
  File "C:\Users\njg24\OneDrive\Desktop\LeadManagment_Project\Lead_Management\venv\Lib\site-packages\django\template\loader_tags.py", line 66, in render
    result = block.nodelist.render(context)
  File "C:\Users\njg24\OneDrive\Desktop\LeadManagment_Project\Lead_Management\venv\Lib\site-packages\django\template\base.py", line 1091, in render
    return SafeString("".join([node.render_annotated(context) for node in self]))
                               ~~~~~~~~~~~~~~~~~~~~~^^^^^^^^^
  File "C:\Users\njg24\OneDrive\Desktop\LeadManagment_Project\Lead_Management\venv\Lib\site-packages\django\template\base.py", line 1052, in render_annotated
    return self.render(context)
           ~~~~~~~~~~~^^^^^^^^^
  File "C:\Users\njg24\OneDrive\Desktop\LeadManagment_Project\Lead_Management\venv\Lib\site-packages\django\template\defaulttags.py", line 511, in render
    url = reverse(view_name, args=args, kwargs=kwargs, current_app=current_app)
  File "C:\Users\njg24\OneDrive\Desktop\LeadManagment_Project\Lead_Management\venv\Lib\site-packages\django\urls\base.py", line 98, in reverse
    resolved_url = resolver._reverse_with_prefix(view, prefix, *args, **kwargs)
  File "C:\Users\njg24\OneDrive\Desktop\LeadManagment_Project\Lead_Management\venv\Lib\site-packages\django\urls\resolvers.py", line 842, in _reverse_with_prefix
    raise NoReverseMatch(msg)
django.urls.exceptions.NoReverseMatch: Reverse for 'lead_export_csv' not found. 'lead_export_csv' is not a valid view function or pattern name.
ERROR 2026-06-26 21:53:32,506 django.server log.py 249 "GET /leads/ HTTP/1.1" 500 173558
ERROR 2026-06-26 21:54:27,447 django.request log.py 249 Internal Server Error: /leads/
Traceback (most recent call last):
  File "C:\Users\njg24\OneDrive\Desktop\LeadManagment_Project\Lead_Management\venv\Lib\site-packages\django\core\handlers\exception.py", line 55, in inner
    response = get_response(request)
  File "C:\Users\njg24\OneDrive\Desktop\LeadManagment_Project\Lead_Management\venv\Lib\site-packages\django\core\handlers\base.py", line 198, in _get_response
    response = wrapped_callback(request, *callback_args, **callback_kwargs)
  File "C:\Users\njg24\OneDrive\Desktop\LeadManagment_Project\Lead_Management\venv\Lib\site-packages\django\contrib\auth\decorators.py", line 59, in _view_wrapper
    return view_func(request, *args, **kwargs)
  File "C:\Users\njg24\OneDrive\Desktop\LeadManagment_Project\Lead_Management\crm\views.py", line 321, in lead_list
    return render(request, 'lead/lead_list.html', {
        'leads': leads,
        'query': query
    })
  File "C:\Users\njg24\OneDrive\Desktop\LeadManagment_Project\Lead_Management\venv\Lib\site-packages\django\shortcuts.py", line 25, in render
    content = loader.render_to_string(template_name, context, request, using=using)
  File "C:\Users\njg24\OneDrive\Desktop\LeadManagment_Project\Lead_Management\venv\Lib\site-packages\django\template\loader.py", line 62, in render_to_string
    return template.render(context, request)
           ~~~~~~~~~~~~~~~^^^^^^^^^^^^^^^^^^
  File "C:\Users\njg24\OneDrive\Desktop\LeadManagment_Project\Lead_Management\venv\Lib\site-packages\django\template\backends\django.py", line 107, in render
    return self.template.render(context)
           ~~~~~~~~~~~~~~~~~~~~^^^^^^^^^
  File "C:\Users\njg24\OneDrive\Desktop\LeadManagment_Project\Lead_Management\venv\Lib\site-packages\django\template\base.py", line 174, in render
    return self._render(context)
           ~~~~~~~~~~~~^^^^^^^^^
  File "C:\Users\njg24\OneDrive\Desktop\LeadManagment_Project\Lead_Management\venv\Lib\site-packages\django\template\base.py", line 166, in _render
    return self.nodelist.render(context)
           ~~~~~~~~~~~~~~~~~~~~^^^^^^^^^
  File "C:\Users\njg24\OneDrive\Desktop\LeadManagment_Project\Lead_Management\venv\Lib\site-packages\django\template\base.py", line 1091, in render
    return SafeString("".join([node.render_annotated(context) for node in self]))
                               ~~~~~~~~~~~~~~~~~~~~~^^^^^^^^^
  File "C:\Users\njg24\OneDrive\Desktop\LeadManagment_Project\Lead_Management\venv\Lib\site-packages\django\template\base.py", line 1052, in render_annotated
    return self.render(context)
           ~~~~~~~~~~~^^^^^^^^^
  File "C:\Users\njg24\OneDrive\Desktop\LeadManagment_Project\Lead_Management\venv\Lib\site-packages\django\template\loader_tags.py", line 160, in render
    return compiled_parent._render(context)
           ~~~~~~~~~~~~~~~~~~~~~~~^^^^^^^^^
  File "C:\Users\njg24\OneDrive\Desktop\LeadManagment_Project\Lead_Management\venv\Lib\site-packages\django\template\base.py", line 166, in _render
    return self.nodelist.render(context)
           ~~~~~~~~~~~~~~~~~~~~^^^^^^^^^
  File "C:\Users\njg24\OneDrive\Desktop\LeadManagment_Project\Lead_Management\venv\Lib\site-packages\django\template\base.py", line 1091, in render
    return SafeString("".join([node.render_annotated(context) for node in self]))
                               ~~~~~~~~~~~~~~~~~~~~~^^^^^^^^^
  File "C:\Users\njg24\OneDrive\Desktop\LeadManagment_Project\Lead_Management\venv\Lib\site-packages\django\template\base.py", line 1052, in render_annotated
    return self.render(context)
           ~~~~~~~~~~~^^^^^^^^^
  File "C:\Users\njg24\OneDrive\Desktop\LeadManagment_Project\Lead_Management\venv\Lib\site-packages\django\template\loader_tags.py", line 66, in render
    result = block.nodelist.render(context)
  File "C:\Users\njg24\OneDrive\Desktop\LeadManagment_Project\Lead_Management\venv\Lib\site-packages\django\template\base.py", line 1091, in render
    return SafeString("".join([node.render_annotated(context) for node in self]))
                               ~~~~~~~~~~~~~~~~~~~~~^^^^^^^^^
  File "C:\Users\njg24\OneDrive\Desktop\LeadManagment_Project\Lead_Management\venv\Lib\site-packages\django\template\base.py", line 1052, in render_annotated
    return self.render(context)
           ~~~~~~~~~~~^^^^^^^^^
  File "C:\Users\njg24\OneDrive\Desktop\LeadManagment_Project\Lead_Management\venv\Lib\site-packages\django\template\defaulttags.py", line 511, in render
    url = reverse(view_name, args=args, kwargs=kwargs, current_app=current_app)
  File "C:\Users\njg24\OneDrive\Desktop\LeadManagment_Project\Lead_Management\venv\Lib\site-packages\django\urls\base.py", line 98, in reverse
    resolved_url = resolver._reverse_with_prefix(view, prefix, *args, **kwargs)
  File "C:\Users\njg24\OneDrive\Desktop\LeadManagment_Project\Lead_Management\venv\Lib\site-packages\django\urls\resolvers.py", line 842, in _reverse_with_prefix
    raise NoReverseMatch(msg)
django.urls.exceptions.NoReverseMatch: Reverse for 'lead_export_csv' not found. 'lead_export_csv' is not a valid view function or pattern name.
ERROR 2026-06-26 21:54:27,448 django.server log.py 249 "GET /leads/ HTTP/1.1" 500 173421
ERROR 2026-06-26 21:57:05,066 django.request log.py 249 Internal Server Error: /leads/
Traceback (most recent call last):
  File "C:\Users\njg24\OneDrive\Desktop\LeadManagment_Project\Lead_Management\venv\Lib\site-packages\django\core\handlers\exception.py", line 55, in inner
    response = get_response(request)
  File "C:\Users\njg24\OneDrive\Desktop\LeadManagment_Project\Lead_Management\venv\Lib\site-packages\django\core\handlers\base.py", line 198, in _get_response
    response = wrapped_callback(request, *callback_args, **callback_kwargs)
  File "C:\Users\njg24\OneDrive\Desktop\LeadManagment_Project\Lead_Management\venv\Lib\site-packages\django\contrib\auth\decorators.py", line 59, in _view_wrapper
    return view_func(request, *args, **kwargs)
  File "C:\Users\njg24\OneDrive\Desktop\LeadManagment_Project\Lead_Management\crm\views.py", line 321, in lead_list
    return render(request, 'lead/lead_list.html', {
        'leads': leads,
        'query': query
    })
  File "C:\Users\njg24\OneDrive\Desktop\LeadManagment_Project\Lead_Management\venv\Lib\site-packages\django\shortcuts.py", line 25, in render
    content = loader.render_to_string(template_name, context, request, using=using)
  File "C:\Users\njg24\OneDrive\Desktop\LeadManagment_Project\Lead_Management\venv\Lib\site-packages\django\template\loader.py", line 62, in render_to_string
    return template.render(context, request)
           ~~~~~~~~~~~~~~~^^^^^^^^^^^^^^^^^^
  File "C:\Users\njg24\OneDrive\Desktop\LeadManagment_Project\Lead_Management\venv\Lib\site-packages\django\template\backends\django.py", line 107, in render
    return self.template.render(context)
           ~~~~~~~~~~~~~~~~~~~~^^^^^^^^^
  File "C:\Users\njg24\OneDrive\Desktop\LeadManagment_Project\Lead_Management\venv\Lib\site-packages\django\template\base.py", line 174, in render
    return self._render(context)
           ~~~~~~~~~~~~^^^^^^^^^
  File "C:\Users\njg24\OneDrive\Desktop\LeadManagment_Project\Lead_Management\venv\Lib\site-packages\django\template\base.py", line 166, in _render
    return self.nodelist.render(context)
           ~~~~~~~~~~~~~~~~~~~~^^^^^^^^^
  File "C:\Users\njg24\OneDrive\Desktop\LeadManagment_Project\Lead_Management\venv\Lib\site-packages\django\template\base.py", line 1091, in render
    return SafeString("".join([node.render_annotated(context) for node in self]))
                               ~~~~~~~~~~~~~~~~~~~~~^^^^^^^^^
  File "C:\Users\njg24\OneDrive\Desktop\LeadManagment_Project\Lead_Management\venv\Lib\site-packages\django\template\base.py", line 1052, in render_annotated
    return self.render(context)
           ~~~~~~~~~~~^^^^^^^^^
  File "C:\Users\njg24\OneDrive\Desktop\LeadManagment_Project\Lead_Management\venv\Lib\site-packages\django\template\loader_tags.py", line 160, in render
    return compiled_parent._render(context)
           ~~~~~~~~~~~~~~~~~~~~~~~^^^^^^^^^
  File "C:\Users\njg24\OneDrive\Desktop\LeadManagment_Project\Lead_Management\venv\Lib\site-packages\django\template\base.py", line 166, in _render
    return self.nodelist.render(context)
           ~~~~~~~~~~~~~~~~~~~~^^^^^^^^^
  File "C:\Users\njg24\OneDrive\Desktop\LeadManagment_Project\Lead_Management\venv\Lib\site-packages\django\template\base.py", line 1091, in render
    return SafeString("".join([node.render_annotated(context) for node in self]))
                               ~~~~~~~~~~~~~~~~~~~~~^^^^^^^^^
  File "C:\Users\njg24\OneDrive\Desktop\LeadManagment_Project\Lead_Management\venv\Lib\site-packages\django\template\base.py", line 1052, in render_annotated
    return self.render(context)
           ~~~~~~~~~~~^^^^^^^^^
  File "C:\Users\njg24\OneDrive\Desktop\LeadManagment_Project\Lead_Management\venv\Lib\site-packages\django\template\loader_tags.py", line 66, in render
    result = block.nodelist.render(context)
  File "C:\Users\njg24\OneDrive\Desktop\LeadManagment_Project\Lead_Management\venv\Lib\site-packages\django\template\base.py", line 1091, in render
    return SafeString("".join([node.render_annotated(context) for node in self]))
                               ~~~~~~~~~~~~~~~~~~~~~^^^^^^^^^
  File "C:\Users\njg24\OneDrive\Desktop\LeadManagment_Project\Lead_Management\venv\Lib\site-packages\django\template\base.py", line 1052, in render_annotated
    return self.render(context)
           ~~~~~~~~~~~^^^^^^^^^
  File "C:\Users\njg24\OneDrive\Desktop\LeadManagment_Project\Lead_Management\venv\Lib\site-packages\django\template\defaulttags.py", line 511, in render
    url = reverse(view_name, args=args, kwargs=kwargs, current_app=current_app)
  File "C:\Users\njg24\OneDrive\Desktop\LeadManagment_Project\Lead_Management\venv\Lib\site-packages\django\urls\base.py", line 98, in reverse
    resolved_url = resolver._reverse_with_prefix(view, prefix, *args, **kwargs)
  File "C:\Users\njg24\OneDrive\Desktop\LeadManagment_Project\Lead_Management\venv\Lib\site-packages\django\urls\resolvers.py", line 842, in _reverse_with_prefix
    raise NoReverseMatch(msg)
django.urls.exceptions.NoReverseMatch: Reverse for 'lead_export_excel' not found. 'lead_export_excel' is not a valid view function or pattern name.
ERROR 2026-06-26 21:57:05,073 django.server log.py 249 "GET /leads/ HTTP/1.1" 500 173539
ERROR 2026-06-26 22:17:52,485 django.request log.py 249 Internal Server Error: /leads/export/excel/
Traceback (most recent call last):
  File "C:\Users\njg24\OneDrive\Desktop\LeadManagment_Project\Lead_Management\venv\Lib\site-packages\django\core\handlers\exception.py", line 55, in inner
    response = get_response(request)
  File "C:\Users\njg24\OneDrive\Desktop\LeadManagment_Project\Lead_Management\venv\Lib\site-packages\django\core\handlers\base.py", line 198, in _get_response
    response = wrapped_callback(request, *callback_args, **callback_kwargs)
  File "C:\Users\njg24\OneDrive\Desktop\LeadManagment_Project\Lead_Management\venv\Lib\site-packages\django\contrib\auth\decorators.py", line 59, in _view_wrapper
    return view_func(request, *args, **kwargs)
  File "C:\Users\njg24\OneDrive\Desktop\LeadManagment_Project\Lead_Management\crm\views.py", line 104, in lead_export_excel
    cell.font = Font(bold=True)
                ^^^^
NameError: name 'Font' is not defined
ERROR 2026-06-26 22:17:52,488 django.server log.py 249 "GET /leads/export/excel/ HTTP/1.1" 500 78579
ERROR 2026-06-26 22:19:04,960 django.request log.py 249 Internal Server Error: /leads/export/excel/
Traceback (most recent call last):
  File "C:\Users\njg24\OneDrive\Desktop\LeadManagment_Project\Lead_Management\venv\Lib\site-packages\django\core\handlers\exception.py", line 55, in inner
    response = get_response(request)
  File "C:\Users\njg24\OneDrive\Desktop\LeadManagment_Project\Lead_Management\venv\Lib\site-packages\django\core\handlers\base.py", line 198, in _get_response
    response = wrapped_callback(request, *callback_args, **callback_kwargs)
  File "C:\Users\njg24\OneDrive\Desktop\LeadManagment_Project\Lead_Management\venv\Lib\site-packages\django\contrib\auth\decorators.py", line 59, in _view_wrapper
    return view_func(request, *args, **kwargs)
  File "C:\Users\njg24\OneDrive\Desktop\LeadManagment_Project\Lead_Management\crm\views.py", line 104, in lead_export_excel
    cell.font = Font(bold=True)
                ^^^^
NameError: name 'Font' is not defined
ERROR 2026-06-26 22:19:04,961 django.server log.py 249 "GET /leads/export/excel/ HTTP/1.1" 500 78579
ERROR 2026-06-26 22:23:48,341 django.request log.py 249 Internal Server Error: /leads/export/excel/
Traceback (most recent call last):
  File "C:\Users\njg24\OneDrive\Desktop\LeadManagment_Project\Lead_Management\venv\Lib\site-packages\django\core\handlers\exception.py", line 55, in inner
    response = get_response(request)
  File "C:\Users\njg24\OneDrive\Desktop\LeadManagment_Project\Lead_Management\venv\Lib\site-packages\django\core\handlers\base.py", line 198, in _get_response
    response = wrapped_callback(request, *callback_args, **callback_kwargs)
  File "C:\Users\njg24\OneDrive\Desktop\LeadManagment_Project\Lead_Management\venv\Lib\site-packages\django\contrib\auth\decorators.py", line 59, in _view_wrapper
    return view_func(request, *args, **kwargs)
  File "C:\Users\njg24\OneDrive\Desktop\LeadManagment_Project\Lead_Management\crm\views.py", line 105, in lead_export_excel
    cell.alignment = Alignment(horizontal='center')
                     ^^^^^^^^^
NameError: name 'Alignment' is not defined
ERROR 2026-06-26 22:23:48,343 django.server log.py 249 "GET /leads/export/excel/ HTTP/1.1" 500 78702
ERROR 2026-06-26 22:23:52,110 django.request log.py 249 Internal Server Error: /leads/export/excel/
Traceback (most recent call last):
  File "C:\Users\njg24\OneDrive\Desktop\LeadManagment_Project\Lead_Management\venv\Lib\site-packages\django\core\handlers\exception.py", line 55, in inner
    response = get_response(request)
  File "C:\Users\njg24\OneDrive\Desktop\LeadManagment_Project\Lead_Management\venv\Lib\site-packages\django\core\handlers\base.py", line 198, in _get_response
    response = wrapped_callback(request, *callback_args, **callback_kwargs)
  File "C:\Users\njg24\OneDrive\Desktop\LeadManagment_Project\Lead_Management\venv\Lib\site-packages\django\contrib\auth\decorators.py", line 59, in _view_wrapper
    return view_func(request, *args, **kwargs)
  File "C:\Users\njg24\OneDrive\Desktop\LeadManagment_Project\Lead_Management\crm\views.py", line 105, in lead_export_excel
    cell.alignment = Alignment(horizontal='center')
                     ^^^^^^^^^
NameError: name 'Alignment' is not defined
ERROR 2026-06-26 22:23:52,112 django.server log.py 249 "GET /leads/export/excel/ HTTP/1.1" 500 78565
